BL51 BANKED LINKER/LOCATER V5.03                                                        11/08/2014  22:12:59  PAGE 1


BL51 BANKED LINKER/LOCATER V5.03, INVOKED BY:
C:\KEIL\C51\BIN\BL51.EXE STARTUP.obj, main.obj TO tanchishe RAMSIZE (256)


MEMORY MODEL: SMALL


INPUT MODULES INCLUDED:
  STARTUP.obj (?C_STARTUP)
  main.obj (MAIN)


LINK MAP OF MODULE:  tanchishe (?C_STARTUP)


            TYPE    BASE      LENGTH    RELOCATION   SEGMENT NAME
            -----------------------------------------------------

            * * * * * * *   D A T A   M E M O R Y   * * * * * * *
            REG     0000H     0008H     ABSOLUTE     "REG BANK 0"
            DATA    0008H     0002H     UNIT         _DATA_GROUP_
            IDATA   000AH     0001H     UNIT         ?STACK

            * * * * * * *   C O D E   M E M O R Y   * * * * * * *
            CODE    0000H     0003H     ABSOLUTE     
            CODE    0003H     0020H     UNIT         ?CO?MAIN
            CODE    0023H     001CH     UNIT         ?PR?CLEAR12864?MAIN
            CODE    003FH     0019H     UNIT         ?PR?MAIN?MAIN
            CODE    0058H     0010H     UNIT         ?PR?INIT12864?MAIN
            CODE    0068H     000DH     UNIT         ?PR?CHEKBUSY12864?MAIN
            CODE    0075H     000CH     UNIT         ?C_C51STARTUP
            CODE    0081H     000BH     UNIT         ?PR?_CMD_W12864?MAIN
            CODE    008CH     000BH     UNIT         ?PR?_DAT_W12864?MAIN
            CODE    0097H     000BH     UNIT         ?PR?_DELAY?MAIN
            CODE    00A2H     0006H     UNIT         ?PR?IO_INIT?MAIN



OVERLAY MAP OF MODULE:   tanchishe (?C_STARTUP)


SEGMENT                          DATA_GROUP 
  +--> CALLED SEGMENT          START    LENGTH
----------------------------------------------
?C_C51STARTUP                  -----    -----
  +--> ?PR?MAIN?MAIN

?PR?MAIN?MAIN                  0008H    0002H
  +--> ?PR?_DELAY?MAIN
  +--> ?PR?INIT12864?MAIN
  +--> ?PR?CLEAR12864?MAIN

?PR?INIT12864?MAIN             -----    -----
  +--> ?PR?IO_INIT?MAIN
  +--> ?PR?CHEKBUSY12864?MAIN
  +--> ?PR?_CMD_W12864?MAIN

?PR?_CMD_W12864?MAIN           -----    -----
BL51 BANKED LINKER/LOCATER V5.03                                                      11/08/2014  22:12:59  PAGE 2


  +--> ?PR?CHEKBUSY12864?MAIN

?PR?CLEAR12864?MAIN            -----    -----
  +--> ?PR?_CMD_W12864?MAIN
  +--> ?PR?_DAT_W12864?MAIN

?PR?_DAT_W12864?MAIN           -----    -----
  +--> ?PR?CHEKBUSY12864?MAIN



SYMBOL TABLE OF MODULE:  tanchishe (?C_STARTUP)

  VALUE           TYPE          NAME
  ----------------------------------

  -------         MODULE        ?C_STARTUP
  C:0075H         SEGMENT       ?C_C51STARTUP
  I:000AH         SEGMENT       ?STACK
  C:0000H         PUBLIC        ?C_STARTUP
  D:00E0H         SYMBOL        ACC
  D:00F0H         SYMBOL        B
  D:0083H         SYMBOL        DPH
  D:0082H         SYMBOL        DPL
  N:0000H         SYMBOL        IBPSTACK
  N:0100H         SYMBOL        IBPSTACKTOP
  N:0080H         SYMBOL        IDATALEN
  C:0078H         SYMBOL        IDATALOOP
  N:0000H         SYMBOL        PBPSTACK
  N:0100H         SYMBOL        PBPSTACKTOP
  N:0000H         SYMBOL        PDATALEN
  N:0000H         SYMBOL        PDATASTART
  N:0000H         SYMBOL        PPAGE
  N:0000H         SYMBOL        PPAGEENABLE
  D:00A0H         SYMBOL        PPAGE_SFR
  D:0081H         SYMBOL        SP
  C:0075H         SYMBOL        STARTUP1
  N:0000H         SYMBOL        XBPSTACK
  N:0000H         SYMBOL        XBPSTACKTOP
  N:0000H         SYMBOL        XDATALEN
  N:0000H         SYMBOL        XDATASTART
  C:0000H         LINE#         126
  C:0075H         LINE#         133
  C:0077H         LINE#         134
  C:0078H         LINE#         135
  C:0079H         LINE#         136
  C:007BH         LINE#         185
  C:007EH         LINE#         196
  -------         ENDMOD        ?C_STARTUP

  -------         MODULE        MAIN
  C:0000H         SYMBOL        _ICE_DUMMY_
  D:0093H         PUBLIC        P0M1
  D:0090H         PUBLIC        P1
  D:00B0H         PUBLIC        P3
  D:00A8H         PUBLIC        IE
  C:0023H         PUBLIC        clear12864
BL51 BANKED LINKER/LOCATER V5.03                                                      11/08/2014  22:12:59  PAGE 3


  B:00B0H.5       PUBLIC        PTEST
  D:00B8H         PUBLIC        IP
  D:00D8H         PUBLIC        CCON
  C:003FH         PUBLIC        main
  D:0098H         PUBLIC        SCON
  D:0088H         PUBLIC        TCON
  C:0058H         PUBLIC        init12864
  C:0003H         PUBLIC        num
  C:0068H         PUBLIC        chekbusy12864
  C:00A2H         PUBLIC        io_init
  C:0097H         PUBLIC        _delay
  C:0081H         PUBLIC        _cmd_w12864
  C:008CH         PUBLIC        _dat_w12864
  D:00D0H         PUBLIC        PSW
  D:0094H         PUBLIC        P0M0
  -------         PROC          IO_INIT
  C:00A2H         LINE#         84
  C:00A2H         LINE#         85
  C:00A2H         LINE#         86
  C:00A5H         LINE#         87
  C:00A7H         LINE#         88
  -------         ENDPROC       IO_INIT
  -------         PROC          CHEKBUSY12864
  -------         DO            
  D:0007H         SYMBOL        dat
  -------         ENDDO         
  C:0068H         LINE#         91
  C:0068H         LINE#         92
  C:0068H         LINE#         96
  C:0068H         LINE#         97
  C:006DH         LINE#         98
  C:006FH         LINE#         100
  C:0072H         LINE#         101
  C:0074H         LINE#         103
  -------         ENDPROC       CHEKBUSY12864
  -------         PROC          _CMD_W12864
  D:0006H         SYMBOL        cmd
  C:0081H         LINE#         106
  C:0083H         LINE#         107
  C:0083H         LINE#         108
  C:0086H         LINE#         109
  C:008BH         LINE#         110
  -------         ENDPROC       _CMD_W12864
  -------         PROC          _DAT_W12864
  D:0006H         SYMBOL        dat
  C:008CH         LINE#         112
  C:008EH         LINE#         113
  C:008EH         LINE#         114
  C:0091H         LINE#         115
  C:0096H         LINE#         116
  -------         ENDPROC       _DAT_W12864
  -------         PROC          CLEAR12864
  -------         DO            
  D:0005H         SYMBOL        page
  D:0004H         SYMBOL        row
  -------         ENDDO         
  C:0023H         LINE#         120
BL51 BANKED LINKER/LOCATER V5.03                                                      11/08/2014  22:12:59  PAGE 4


  C:0023H         LINE#         121
  C:0023H         LINE#         123
  C:0025H         LINE#         124
  C:0025H         LINE#         125
  C:002AH         LINE#         126
  C:002FH         LINE#         127
  C:0031H         LINE#         128
  C:0031H         LINE#         129
  C:0036H         LINE#         130
  C:003AH         LINE#         131
  C:003EH         LINE#         132
  -------         ENDPROC       CLEAR12864
  -------         PROC          INIT12864
  C:0058H         LINE#         134
  C:0058H         LINE#         135
  C:0058H         LINE#         136
  C:005BH         LINE#         138
  C:005EH         LINE#         139
  C:0063H         LINE#         140
  -------         ENDPROC       INIT12864
  -------         PROC          _DELAY
  D:0006H         SYMBOL        i
  C:0097H         LINE#         19
  C:0097H         LINE#         20
  C:0097H         LINE#         21
  C:00A1H         LINE#         22
  -------         ENDPROC       _DELAY
  -------         PROC          MAIN
  -------         DO            
  D:0008H         SYMBOL        i
  -------         ENDDO         
  C:003FH         LINE#         25
  C:003FH         LINE#         26
  C:003FH         LINE#         29
  C:0046H         LINE#         31
  C:0049H         LINE#         33
  C:004CH         LINE#         34
  C:004CH         LINE#         35
  C:004CH         LINE#         36
  C:004FH         LINE#         37
  C:0056H         LINE#         39
  -------         ENDPROC       MAIN
  -------         ENDMOD        MAIN

*** WARNING L16: UNCALLED SEGMENT, IGNORED FOR OVERLAY PROCESS
    SEGMENT: ?CO?MAIN

Program Size: data=11.0 xdata=0 code=168
LINK/LOCATE RUN COMPLETE.  1 WARNING(S),  0 ERROR(S)
